========================================
  c100 Combined Benchmark Runner
========================================
Start time: 10-Mar-2026 10:44:32
Output dir: /Users/hust-hwashin621m/Desktop/vietanhpaper-2/benchmark/c100_pop10_iter5_runs1_workers2_20260310_104432
Results dir: /Users/hust-hwashin621m/Desktop/vietanhpaper-2/benchmark/c100_pop10_iter5_runs1_workers2_20260310_104432/results
Runs: 1 | Population: 10 | Iterations: 5 | Workers: 2

Running in PARALLEL mode
Cleaning up 1 stale local cluster job(s) before parpool.
Initializing parallel pool with 2 workers (from VIETANH_PARPOOL_WORKERS)...
Starting parallel pool (parpool) using the 'Processes' profile ...
Connected to parallel pool with 2 workers.
Parallel pool initialized successfully with 2 workers.
Parallel pool ready with 2 workers.
Scheduling 1 runs across 13 algorithms on c100.

=== STATISTICAL ANALYSIS FOR SCENARIO 1 ===
Metric tested: global_fitness_total
Runs available: 1

=== DESCRIPTIVE STATISTICS (global_fitness_total) ===
Algorithm                 | N       | Mean       | Std        | Median    
------------------------------------------------------------------------
RLAMPSO (Global)          |       1 | 35985.3999 |        NaN | 35985.3999
DQN-PSO (Global)          |       1 | 14826.5938 |        NaN | 14826.5938
RRSACPSO                 |       1 | 19777.2006 |        NaN | 19777.2006
MPSORL (Multi-Strategy RL-PSO) |       1 | 14432.2007 |        NaN | 14432.2007
SAC-SAPSO                 |       1 | 29576.7459 |        NaN | 29576.7459
PPO-PSO (Global)          |       1 | 19923.7599 |        NaN | 19923.7599
PSO-Standard              |       1 | 15486.1838 |        NaN | 15486.1838
PSO-LDIW                  |       1 | 17133.9222 |        NaN | 17133.9222
FIPS                      |       1 | 14965.0657 |        NaN | 14965.0657
CLPSO                     |       1 | 37618.7304 |        NaN | 37618.7304
SAEPSO [11]               |       1 | 14875.0925 |        NaN | 14875.0925
SAEPSO* [11]              |       1 | 14798.6905 |        NaN | 14798.6905
UAPSO [25]                |       1 | 15604.8509 |        NaN | 15604.8509

=== PAIRWISE INFERENCE (PAIRED T + WILCOXON) ===
Algorithm 1               vs Algorithm 2               | N | meanDiff | p_t(raw) | p_w(raw)
-------------------------------------------------------------------------------------------
RLAMPSO (Global)          vs DQN-PSO (Global)          |  1 | 21158.8061 | 1.000000 | 1.000000
RLAMPSO (Global)          vs RRSACPSO                 |  1 | 16208.1993 | 1.000000 | 1.000000
RLAMPSO (Global)          vs MPSORL (Multi-Strategy RL-PSO) |  1 | 21553.1992 | 1.000000 | 1.000000
RLAMPSO (Global)          vs SAC-SAPSO                 |  1 | 6408.6540 | 1.000000 | 1.000000
RLAMPSO (Global)          vs PPO-PSO (Global)          |  1 | 16061.6401 | 1.000000 | 1.000000
RLAMPSO (Global)          vs PSO-Standard              |  1 | 20499.2162 | 1.000000 | 1.000000
RLAMPSO (Global)          vs PSO-LDIW                  |  1 | 18851.4777 | 1.000000 | 1.000000
RLAMPSO (Global)          vs FIPS                      |  1 | 21020.3342 | 1.000000 | 1.000000
RLAMPSO (Global)          vs CLPSO                     |  1 | -1633.3305 | 1.000000 | 1.000000
RLAMPSO (Global)          vs SAEPSO [11]               |  1 | 21110.3074 | 1.000000 | 1.000000
RLAMPSO (Global)          vs SAEPSO* [11]              |  1 | 21186.7094 | 1.000000 | 1.000000
RLAMPSO (Global)          vs UAPSO [25]                |  1 | 20380.5490 | 1.000000 | 1.000000
DQN-PSO (Global)          vs RRSACPSO                 |  1 | -4950.6069 | 1.000000 | 1.000000
DQN-PSO (Global)          vs MPSORL (Multi-Strategy RL-PSO) |  1 | 394.3931 | 1.000000 | 1.000000
DQN-PSO (Global)          vs SAC-SAPSO                 |  1 | -14750.1522 | 1.000000 | 1.000000
DQN-PSO (Global)          vs PPO-PSO (Global)          |  1 | -5097.1661 | 1.000000 | 1.000000
DQN-PSO (Global)          vs PSO-Standard              |  1 | -659.5900 | 1.000000 | 1.000000
DQN-PSO (Global)          vs PSO-LDIW                  |  1 | -2307.3285 | 1.000000 | 1.000000
DQN-PSO (Global)          vs FIPS                      |  1 | -138.4719 | 1.000000 | 1.000000
DQN-PSO (Global)          vs CLPSO                     |  1 | -22792.1366 | 1.000000 | 1.000000
DQN-PSO (Global)          vs SAEPSO [11]               |  1 | -48.4988 | 1.000000 | 1.000000
DQN-PSO (Global)          vs SAEPSO* [11]              |  1 |  27.9033 | 1.000000 | 1.000000
DQN-PSO (Global)          vs UAPSO [25]                |  1 | -778.2571 | 1.000000 | 1.000000
RRSACPSO                 vs MPSORL (Multi-Strategy RL-PSO) |  1 | 5344.9999 | 1.000000 | 1.000000
RRSACPSO                 vs SAC-SAPSO                 |  1 | -9799.5453 | 1.000000 | 1.000000
RRSACPSO                 vs PPO-PSO (Global)          |  1 | -146.5592 | 1.000000 | 1.000000
RRSACPSO                 vs PSO-Standard              |  1 | 4291.0169 | 1.000000 | 1.000000
RRSACPSO                 vs PSO-LDIW                  |  1 | 2643.2784 | 1.000000 | 1.000000
RRSACPSO                 vs FIPS                      |  1 | 4812.1349 | 1.000000 | 1.000000
RRSACPSO                 vs CLPSO                     |  1 | -17841.5298 | 1.000000 | 1.000000
RRSACPSO                 vs SAEPSO [11]               |  1 | 4902.1081 | 1.000000 | 1.000000
RRSACPSO                 vs SAEPSO* [11]              |  1 | 4978.5101 | 1.000000 | 1.000000
RRSACPSO                 vs UAPSO [25]                |  1 | 4172.3497 | 1.000000 | 1.000000
MPSORL (Multi-Strategy RL-PSO) vs SAC-SAPSO                 |  1 | -15144.5452 | 1.000000 | 1.000000
MPSORL (Multi-Strategy RL-PSO) vs PPO-PSO (Global)          |  1 | -5491.5592 | 1.000000 | 1.000000
MPSORL (Multi-Strategy RL-PSO) vs PSO-Standard              |  1 | -1053.9831 | 1.000000 | 1.000000
MPSORL (Multi-Strategy RL-PSO) vs PSO-LDIW                  |  1 | -2701.7215 | 1.000000 | 1.000000
MPSORL (Multi-Strategy RL-PSO) vs FIPS                      |  1 | -532.8650 | 1.000000 | 1.000000
MPSORL (Multi-Strategy RL-PSO) vs CLPSO                     |  1 | -23186.5297 | 1.000000 | 1.000000
MPSORL (Multi-Strategy RL-PSO) vs SAEPSO [11]               |  1 | -442.8919 | 1.000000 | 1.000000
MPSORL (Multi-Strategy RL-PSO) vs SAEPSO* [11]              |  1 | -366.4898 | 1.000000 | 1.000000
MPSORL (Multi-Strategy RL-PSO) vs UAPSO [25]                |  1 | -1172.6502 | 1.000000 | 1.000000
SAC-SAPSO                 vs PPO-PSO (Global)          |  1 | 9652.9861 | 1.000000 | 1.000000
SAC-SAPSO                 vs PSO-Standard              |  1 | 14090.5622 | 1.000000 | 1.000000
SAC-SAPSO                 vs PSO-LDIW                  |  1 | 12442.8237 | 1.000000 | 1.000000
SAC-SAPSO                 vs FIPS                      |  1 | 14611.6802 | 1.000000 | 1.000000
SAC-SAPSO                 vs CLPSO                     |  1 | -8041.9845 | 1.000000 | 1.000000
SAC-SAPSO                 vs SAEPSO [11]               |  1 | 14701.6534 | 1.000000 | 1.000000
SAC-SAPSO                 vs SAEPSO* [11]              |  1 | 14778.0554 | 1.000000 | 1.000000
SAC-SAPSO                 vs UAPSO [25]                |  1 | 13971.8950 | 1.000000 | 1.000000
PPO-PSO (Global)          vs PSO-Standard              |  1 | 4437.5761 | 1.000000 | 1.000000
PPO-PSO (Global)          vs PSO-LDIW                  |  1 | 2789.8376 | 1.000000 | 1.000000
PPO-PSO (Global)          vs FIPS                      |  1 | 4958.6942 | 1.000000 | 1.000000
PPO-PSO (Global)          vs CLPSO                     |  1 | -17694.9705 | 1.000000 | 1.000000
PPO-PSO (Global)          vs SAEPSO [11]               |  1 | 5048.6673 | 1.000000 | 1.000000
PPO-PSO (Global)          vs SAEPSO* [11]              |  1 | 5125.0694 | 1.000000 | 1.000000
PPO-PSO (Global)          vs UAPSO [25]                |  1 | 4318.9089 | 1.000000 | 1.000000
PSO-Standard              vs PSO-LDIW                  |  1 | -1647.7385 | 1.000000 | 1.000000
PSO-Standard              vs FIPS                      |  1 | 521.1181 | 1.000000 | 1.000000
PSO-Standard              vs CLPSO                     |  1 | -22132.5466 | 1.000000 | 1.000000
PSO-Standard              vs SAEPSO [11]               |  1 | 611.0912 | 1.000000 | 1.000000
PSO-Standard              vs SAEPSO* [11]              |  1 | 687.4932 | 1.000000 | 1.000000
PSO-Standard              vs UAPSO [25]                |  1 | -118.6672 | 1.000000 | 1.000000
PSO-LDIW                  vs FIPS                      |  1 | 2168.8565 | 1.000000 | 1.000000
PSO-LDIW                  vs CLPSO                     |  1 | -20484.8082 | 1.000000 | 1.000000
PSO-LDIW                  vs SAEPSO [11]               |  1 | 2258.8297 | 1.000000 | 1.000000
PSO-LDIW                  vs SAEPSO* [11]              |  1 | 2335.2317 | 1.000000 | 1.000000
PSO-LDIW                  vs UAPSO [25]                |  1 | 1529.0713 | 1.000000 | 1.000000
FIPS                      vs CLPSO                     |  1 | -22653.6647 | 1.000000 | 1.000000
FIPS                      vs SAEPSO [11]               |  1 |  89.9731 | 1.000000 | 1.000000
FIPS                      vs SAEPSO* [11]              |  1 | 166.3752 | 1.000000 | 1.000000
FIPS                      vs UAPSO [25]                |  1 | -639.7852 | 1.000000 | 1.000000
CLPSO                     vs SAEPSO [11]               |  1 | 22743.6378 | 1.000000 | 1.000000
CLPSO                     vs SAEPSO* [11]              |  1 | 22820.0399 | 1.000000 | 1.000000
CLPSO                     vs UAPSO [25]                |  1 | 22013.8795 | 1.000000 | 1.000000
SAEPSO [11]               vs SAEPSO* [11]              |  1 |  76.4020 | 1.000000 | 1.000000
SAEPSO [11]               vs UAPSO [25]                |  1 | -729.7584 | 1.000000 | 1.000000
SAEPSO* [11]              vs UAPSO [25]                |  1 | -806.1604 | 1.000000 | 1.000000

=== HOLM-CORRECTED SIGNIFICANCE SUMMARY ===
Significant pairs (Holm-corrected, paired t-test): 0/78
Significant pairs (Holm-corrected, Wilcoxon):      0/78

=== OVERALL RANKING (MEAN METRIC + HOLM T-TEST WINS) ===
Rank | Algorithm                 | Mean | Holm Wins
---------------------------------------------------------------
1    | MPSORL (Multi-Strategy RL-PSO) | 14432.2007 |         0
2    | SAEPSO* [11]              | 14798.6905 |         0
3    | DQN-PSO (Global)          | 14826.5938 |         0
4    | SAEPSO [11]               | 14875.0925 |         0
5    | FIPS                      | 14965.0657 |         0
6    | PSO-Standard              | 15486.1838 |         0
7    | UAPSO [25]                | 15604.8509 |         0
8    | PSO-LDIW                  | 17133.9222 |         0
9    | RRSACPSO                 | 19777.2006 |         0
10   | PPO-PSO (Global)          | 19923.7599 |         0
11   | SAC-SAPSO                 | 29576.7459 |         0
12   | RLAMPSO (Global)          | 35985.3999 |         0
13   | CLPSO                     | 37618.7304 |         0

Friedman omnibus skipped: insufficient complete run blocks.

Statistical artifacts saved for Scenario 1:
  Pairwise CSV: /Users/hust-hwashin621m/Desktop/vietanhpaper-2/benchmark/c100_pop10_iter5_runs1_workers2_20260310_104432/results/TTest_Pairwise_Scenario1.csv
  Summary CSV:  /Users/hust-hwashin621m/Desktop/vietanhpaper-2/benchmark/c100_pop10_iter5_runs1_workers2_20260310_104432/results/TTest_Summary_Scenario1.csv
  MAT file:     /Users/hust-hwashin621m/Desktop/vietanhpaper-2/benchmark/c100_pop10_iter5_runs1_workers2_20260310_104432/results/TTest_Results_Scenario1.mat
All runs data written to: /Users/hust-hwashin621m/Desktop/vietanhpaper-2/benchmark/c100_pop10_iter5_runs1_workers2_20260310_104432/results/TTest_AllRuns_Scenario1_2026-03-10_10-44-47.csv
Summary statistics written to: /Users/hust-hwashin621m/Desktop/vietanhpaper-2/benchmark/c100_pop10_iter5_runs1_workers2_20260310_104432/results/TTest_AlgorithmSummary_Scenario1_2026-03-10_10-44-47.csv
Reports generated:
  All runs data: /Users/hust-hwashin621m/Desktop/vietanhpaper-2/benchmark/c100_pop10_iter5_runs1_workers2_20260310_104432/results/TTest_AllRuns_Scenario1_2026-03-10_10-44-47.csv
  Algorithm summary: /Users/hust-hwashin621m/Desktop/vietanhpaper-2/benchmark/c100_pop10_iter5_runs1_workers2_20260310_104432/results/TTest_AlgorithmSummary_Scenario1_2026-03-10_10-44-47.csv

Benchmark complete.
Raw results: /Users/hust-hwashin621m/Desktop/vietanhpaper-2/benchmark/c100_pop10_iter5_runs1_workers2_20260310_104432/all_run_results.mat
Manifest: /Users/hust-hwashin621m/Desktop/vietanhpaper-2/benchmark/c100_pop10_iter5_runs1_workers2_20260310_104432/manifest.mat
Log: /Users/hust-hwashin621m/Desktop/vietanhpaper-2/benchmark/c100_pop10_iter5_runs1_workers2_20260310_104432/benchmark.log
