========================================
  PSO Algorithm Comparison Launcher
========================================

Execution mode: parallel
Independent runs: 1
Logging to: /Users/hust-hwashin621m/Desktop/vietanhpaper-2/outputs/logs/run_comparison_2026-03-11_09-04-22.log

Initialising parallel pool (parallel mode)...
Running in PARALLEL mode
Cleaning up 1 stale local cluster job(s) before parpool.
Initializing parallel pool with 14 workers (from VIETANH_PARPOOL_WORKERS)...
Starting parallel pool (parpool) using the 'Processes' profile ...
Connected to parallel pool with 14 workers.
Parallel pool initialized successfully with 14 workers.

==========================================================
Scenario 1: ChrismasTerrain2 - Simple
Terrain: /Users/hust-hwashin621m/Desktop/vietanhpaper-2/data/ChrismasTerrain2.tif
Danger Zones: 0
==========================================================
Executing 1 runs for 8 parallel-safe algorithms...

========== Direct Global Planning ==========
Algorithm: RRSACPSO
Start: [10.0, 95.0, 10.0]
Goal:  [97.0, 2.0, 10.0]
============================================


╔══════════════════════════════════════════════════════════╗
║              RRSACPSO Global Path Planning              ║
╚══════════════════════════════════════════════════════════╝


[Episode 1/1] Starting training...
  Config: mode=online, episodes=1, iterations=1000, popSize=100
      [Iter  50] Action stats: mean=0.1019±0.6994 [-0.9852-0.9338]
  [Iter  50/1000] Best: 1658.7945 | Alpha: 0.2000
      [Iter 100] Action stats: mean=-0.0527±0.4155 [-0.8103-0.3960]
      [Iter 100] Fitness: current=1648.2563, best=1648.2563, diversity=3.599157
      [Iter 100] Reward: -1.0000
  [Iter 100/1000] Best: 1648.2563 | Alpha: 0.2000
      [Iter 150] Action stats: mean=0.0607±0.6714 [-0.9559-0.9788]
  [Iter 150/1000] Best: 1629.4975 | Alpha: 0.1986
      [Iter 200] Action stats: mean=-0.2607±0.5092 [-0.7943-0.6300]
      [Iter 200] Fitness: current=1627.1044, best=1627.1044, diversity=3.067514
      [Iter 200] Reward: -1.0000
  [Iter 200/1000] Best: 1627.1044 | Alpha: 0.1957
      [Iter 250] Action stats: mean=0.0304±0.4549 [-0.7854-0.6103]
  [Iter 250/1000] Best: 1625.1499 | Alpha: 0.1928
      [Iter 300] Action stats: mean=0.3586±0.6204 [-0.9484-0.9517]
      [Iter 300] Fitness: current=1610.2047, best=1610.2047, diversity=2.936803
      [Iter 300] Reward: -1.0000
  [Iter 300/1000] Best: 1610.2047 | Alpha: 0.1899
      [Iter 350] Action stats: mean=0.0331±0.6150 [-0.8154-0.8057]
  [Iter 350/1000] Best: 1600.2916 | Alpha: 0.1871
      [Iter 400] Action stats: mean=0.4144±0.4465 [-0.3578-0.8637]
      [Iter 400] Fitness: current=1589.3605, best=1589.3605, diversity=2.678239
      [Iter 400] Reward: -1.0000
  [Iter 400/1000] Best: 1589.3605 | Alpha: 0.1843
      [Iter 450] Action stats: mean=-0.0451±0.7218 [-0.9957-0.9533]
  [Iter 450/1000] Best: 1587.4751 | Alpha: 0.1815
      [Iter 500] Action stats: mean=-0.0759±0.6035 [-0.7728-0.8153]
      [Iter 500] Fitness: current=1586.8650, best=1586.8650, diversity=1.389567
      [Iter 500] Reward: -1.0000
  [Iter 500/1000] Best: 1586.8650 | Alpha: 0.1788
      [Iter 550] Action stats: mean=-0.1662±0.6515 [-0.9847-0.9249]
  [Iter 550/1000] Best: 1586.5939 | Alpha: 0.1762
      [Iter 600] Action stats: mean=0.0714±0.7990 [-0.9589-0.9662]
      [Iter 600] Fitness: current=1582.9149, best=1582.9149, diversity=0.873927
      [Iter 600] Reward: -1.0000
  [Iter 600/1000] Best: 1582.9149 | Alpha: 0.1735
      [Iter 650] Action stats: mean=0.0998±0.5816 [-0.9799-0.9734]
  [Iter 650/1000] Best: 1577.4284 | Alpha: 0.1710
      [Iter 700] Action stats: mean=0.0760±0.7758 [-0.9717-0.9711]
      [Iter 700] Fitness: current=1576.9391, best=1576.9391, diversity=0.180395
      [Iter 700] Reward: 1.0000
  [Iter 700/1000] Best: 1576.9391 | Alpha: 0.1684
      [Iter 750] Action stats: mean=0.1337±0.7037 [-0.7939-0.8840]
  [Iter 750/1000] Best: 1576.6377 | Alpha: 0.1659
      [Iter 800] Action stats: mean=-0.3382±0.5949 [-0.9751-0.6123]
      [Iter 800] Fitness: current=1576.6331, best=1576.6331, diversity=0.055748
      [Iter 800] Reward: 1.0000
  [Iter 800/1000] Best: 1576.6331 | Alpha: 0.1634
      [Iter 850] Action stats: mean=0.2437±0.5842 [-0.7384-0.8657]
  [Iter 850/1000] Best: 1576.6305 | Alpha: 0.1610
      [Iter 900] Action stats: mean=-0.1573±0.6676 [-0.7733-0.8571]
      [Iter 900] Fitness: current=1576.6302, best=1576.6302, diversity=0.001596
      [Iter 900] Reward: 1.0000
  [Iter 900/1000] Best: 1576.6302 | Alpha: 0.1586
      [Iter 950] Action stats: mean=-0.0919±0.6573 [-0.9639-0.7188]
  [Iter 950/1000] Best: 1576.6302 | Alpha: 0.1563
      [Iter 1000] Action stats: mean=-0.2242±0.7504 [-0.9616-0.8476]
      [Iter 1000] Fitness: current=1576.6302, best=1576.6302, diversity=0.000012
      [Iter 1000] Reward: 1.0000
  [Iter 1000/1000] Best: 1576.6302 | Alpha: 0.1540

╔════════════════════════════════════════════════════════════╗
║              RRSACPSO TRAINING COMPLETE                   ║
╚════════════════════════════════════════════════════════════╝
  Mode:              online
  Episodes:          1
  Iterations/Ep:     1000
  Population Size:   100
  Best Fitness:      1576.6302
  Path Length:       5 waypoints


========== Planning Complete ==========
Algorithm: RRSACPSO
Execution time: 49.6434 seconds
Path length: 191.3081 units
Waypoints: 7
Best fitness: 1576.6302
========================================


========== Direct Global Planning ==========
Algorithm: PSO
Start: [10.0, 95.0, 10.0]
Goal:  [97.0, 2.0, 10.0]
============================================

Starting Traditional PSO path planning with tracking...
Number of Initial feasible particles: 12/100
First feasible path found at iteration: 0
Traditional PSO iteration: 50/1000 - Best fitness: 1699.0221
Traditional PSO iteration: 100/1000 - Best fitness: 1643.2873
Traditional PSO iteration: 150/1000 - Best fitness: 1636.8441
Traditional PSO iteration: 200/1000 - Best fitness: 1634.2951
Traditional PSO iteration: 250/1000 - Best fitness: 1633.7181
Traditional PSO iteration: 300/1000 - Best fitness: 1631.1233
Traditional PSO iteration: 350/1000 - Best fitness: 1630.2774
Traditional PSO iteration: 400/1000 - Best fitness: 1630.0283
Traditional PSO iteration: 450/1000 - Best fitness: 1629.96
Traditional PSO iteration: 500/1000 - Best fitness: 1629.9502
Traditional PSO iteration: 550/1000 - Best fitness: 1629.9495
Traditional PSO iteration: 600/1000 - Best fitness: 1629.9485
Traditional PSO iteration: 650/1000 - Best fitness: 1629.9481
Traditional PSO iteration: 700/1000 - Best fitness: 1629.9481
Traditional PSO iteration: 750/1000 - Best fitness: 1629.9481
Traditional PSO iteration: 800/1000 - Best fitness: 1629.948
Traditional PSO iteration: 850/1000 - Best fitness: 1629.9478
Traditional PSO iteration: 900/1000 - Best fitness: 1629.9477
Traditional PSO iteration: 950/1000 - Best fitness: 1629.9397
Traditional PSO iteration: 1000/1000 - Best fitness: 1629.9083
Traditional PSO completed with final fitness: 1629.9083

========== Planning Complete ==========
Algorithm: PSO
Execution time: 20.1478 seconds
Path length: 166.9047 units
Waypoints: 7
Best fitness: 1629.9083
========================================


========== Direct Global Planning ==========
Algorithm: PSO_LDIW
Start: [10.0, 95.0, 10.0]
Goal:  [97.0, 2.0, 10.0]
============================================

Starting PSO-LDIW (linearly decreasing inertia weight)...
Number of Initial feasible particles: 2/100
PSO-LDIW iteration: 1/1000 - Best fitness: 2748.7546 - w=0.8995, c1=1.5, c2=1.5
PSO-LDIW iteration: 50/1000 - Best fitness: 1846.1883 - w=0.875, c1=1.5, c2=1.5
PSO-LDIW iteration: 100/1000 - Best fitness: 1781.3824 - w=0.85, c1=1.5, c2=1.5
PSO-LDIW iteration: 150/1000 - Best fitness: 1731.4958 - w=0.825, c1=1.5, c2=1.5
PSO-LDIW iteration: 200/1000 - Best fitness: 1687.6392 - w=0.8, c1=1.5, c2=1.5
PSO-LDIW iteration: 250/1000 - Best fitness: 1663.9997 - w=0.775, c1=1.5, c2=1.5
PSO-LDIW iteration: 300/1000 - Best fitness: 1654.5163 - w=0.75, c1=1.5, c2=1.5
PSO-LDIW iteration: 350/1000 - Best fitness: 1652.2061 - w=0.725, c1=1.5, c2=1.5
PSO-LDIW iteration: 400/1000 - Best fitness: 1643.6389 - w=0.7, c1=1.5, c2=1.5
PSO-LDIW iteration: 450/1000 - Best fitness: 1640.1021 - w=0.675, c1=1.5, c2=1.5
PSO-LDIW iteration: 500/1000 - Best fitness: 1639.5759 - w=0.65, c1=1.5, c2=1.5
PSO-LDIW iteration: 550/1000 - Best fitness: 1632.3522 - w=0.625, c1=1.5, c2=1.5
PSO-LDIW iteration: 600/1000 - Best fitness: 1623.4169 - w=0.6, c1=1.5, c2=1.5
PSO-LDIW iteration: 650/1000 - Best fitness: 1621.4701 - w=0.575, c1=1.5, c2=1.5
PSO-LDIW iteration: 700/1000 - Best fitness: 1617.9066 - w=0.55, c1=1.5, c2=1.5
PSO-LDIW iteration: 750/1000 - Best fitness: 1617.7926 - w=0.525, c1=1.5, c2=1.5
PSO-LDIW iteration: 800/1000 - Best fitness: 1617.7624 - w=0.5, c1=1.5, c2=1.5
PSO-LDIW iteration: 850/1000 - Best fitness: 1617.7545 - w=0.475, c1=1.5, c2=1.5
PSO-LDIW iteration: 900/1000 - Best fitness: 1617.7544 - w=0.45, c1=1.5, c2=1.5
PSO-LDIW iteration: 950/1000 - Best fitness: 1617.7533 - w=0.425, c1=1.5, c2=1.5
PSO-LDIW iteration: 1000/1000 - Best fitness: 1617.7533 - w=0.4, c1=1.5, c2=1.5

========== Planning Complete ==========
Algorithm: PSO_LDIW
Execution time: 20.5918 seconds
Path length: 149.6414 units
Waypoints: 7
Best fitness: 1617.7533
========================================


========== Direct Global Planning ==========
Algorithm: FIPS
Start: [10.0, 95.0, 10.0]
Goal:  [97.0, 2.0, 10.0]
============================================

Starting FIPS (Fully Informed PSO) path planning...
Number of Initial feasible particles: 10/100
First feasible path found at iteration: 0
FIPS iteration: 50/1000 - Best fitness: 2066.1823
FIPS iteration: 100/1000 - Best fitness: 1884.8663
FIPS iteration: 150/1000 - Best fitness: 1865.3741
FIPS iteration: 200/1000 - Best fitness: 1781.1672
FIPS iteration: 250/1000 - Best fitness: 1763.8243
FIPS iteration: 300/1000 - Best fitness: 1763.8243
FIPS iteration: 350/1000 - Best fitness: 1729.0775
FIPS iteration: 400/1000 - Best fitness: 1729.0775
FIPS iteration: 450/1000 - Best fitness: 1729.0775
FIPS iteration: 500/1000 - Best fitness: 1729.0775
FIPS iteration: 550/1000 - Best fitness: 1729.0775
FIPS iteration: 600/1000 - Best fitness: 1729.0775
FIPS iteration: 650/1000 - Best fitness: 1729.0775
FIPS iteration: 700/1000 - Best fitness: 1729.0775
FIPS iteration: 750/1000 - Best fitness: 1729.0775
FIPS iteration: 800/1000 - Best fitness: 1729.0775
FIPS iteration: 850/1000 - Best fitness: 1729.0775
FIPS iteration: 900/1000 - Best fitness: 1729.0775
FIPS iteration: 950/1000 - Best fitness: 1729.0775
FIPS iteration: 1000/1000 - Best fitness: 1729.0775
FIPS completed with final fitness: 1729.0775

========== Planning Complete ==========
Algorithm: FIPS
Execution time: 20.4206 seconds
Path length: 211.6704 units
Waypoints: 7
Best fitness: 1729.0775
========================================


========== Direct Global Planning ==========
Algorithm: CLPSO
Start: [10.0, 95.0, 10.0]
Goal:  [97.0, 2.0, 10.0]
============================================

Starting CLPSO (Comprehensive Learning PSO) path planning...
Number of Initial feasible particles: 13/100
First feasible path found at iteration: 0
CLPSO iteration: 50/1000 - Best fitness: 2675.4394 - w: 0.860
CLPSO iteration: 100/1000 - Best fitness: 2675.4394 - w: 0.820
CLPSO iteration: 150/1000 - Best fitness: 2199.6658 - w: 0.780
CLPSO iteration: 200/1000 - Best fitness: 2199.6658 - w: 0.740
CLPSO iteration: 250/1000 - Best fitness: 2199.6658 - w: 0.700
CLPSO iteration: 300/1000 - Best fitness: 2096.8569 - w: 0.660
CLPSO iteration: 350/1000 - Best fitness: 2092.6358 - w: 0.620
CLPSO iteration: 400/1000 - Best fitness: 2092.6358 - w: 0.580
CLPSO iteration: 450/1000 - Best fitness: 2078.6395 - w: 0.540
CLPSO iteration: 500/1000 - Best fitness: 2071.557 - w: 0.500
CLPSO iteration: 550/1000 - Best fitness: 1982.3527 - w: 0.460
CLPSO iteration: 600/1000 - Best fitness: 1982.3527 - w: 0.420
CLPSO iteration: 650/1000 - Best fitness: 1982.3527 - w: 0.380
CLPSO iteration: 700/1000 - Best fitness: 1982.3527 - w: 0.340
CLPSO iteration: 750/1000 - Best fitness: 1982.3527 - w: 0.300
CLPSO iteration: 800/1000 - Best fitness: 1975.7917 - w: 0.260
CLPSO iteration: 850/1000 - Best fitness: 1975.7917 - w: 0.220
CLPSO iteration: 900/1000 - Best fitness: 1975.7917 - w: 0.180
CLPSO iteration: 950/1000 - Best fitness: 1932.0138 - w: 0.140
CLPSO iteration: 1000/1000 - Best fitness: 1877.9767 - w: 0.100
CLPSO completed with final fitness: 1877.9767

========== Planning Complete ==========
Algorithm: CLPSO
Execution time: 20.4405 seconds
Path length: 179.6719 units
Waypoints: 7
Best fitness: 1877.9767
========================================


========== Direct Global Planning ==========
Algorithm: SAEPSO
Start: [10.0, 95.0, 10.0]
Goal:  [97.0, 2.0, 10.0]
============================================

Starting SAEPSO-FULL (All improvements enabled)...
  Stage 1: Tent map initialization in spherical coordinates...
  Stage 2: Opposition-based learning...
  Stage 3: Main optimization loop...
Iteration: 50/1000 - Best fitness: 1969.8942
Iteration: 100/1000 - Best fitness: 1898.8845
Iteration: 150/1000 - Best fitness: 1792.5539
Iteration: 200/1000 - Best fitness: 1611.7864
Iteration: 250/1000 - Best fitness: 1611.7864
Iteration: 300/1000 - Best fitness: 1611.7864
Iteration: 350/1000 - Best fitness: 1611.7864
Iteration: 400/1000 - Best fitness: 1582.097
Iteration: 450/1000 - Best fitness: 1582.097
Iteration: 500/1000 - Best fitness: 1572.7802
Iteration: 550/1000 - Best fitness: 1556.6329
Iteration: 600/1000 - Best fitness: 1540.2762
Iteration: 650/1000 - Best fitness: 1535.7503
Iteration: 700/1000 - Best fitness: 1532.8072
Iteration: 750/1000 - Best fitness: 1522.6705
Iteration: 800/1000 - Best fitness: 1516.8665
Iteration: 850/1000 - Best fitness: 1513.2182
Iteration: 900/1000 - Best fitness: 1506.3716
Iteration: 950/1000 - Best fitness: 1502.1774
Iteration: 1000/1000 - Best fitness: 1500.3794
SAEPSO-FULL completed with final fitness: 1500.3794

========== Planning Complete ==========
Algorithm: SAEPSO
Execution time: 55.3385 seconds
Path length: 190.2279 units
Waypoints: 7
Best fitness: 1500.3794
========================================


========== Direct Global Planning ==========
Algorithm: SAEPSO
Start: [10.0, 95.0, 10.0]
Goal:  [97.0, 2.0, 10.0]
============================================

Starting SAEPSO-ParamsOnly (Parameter control strategy only)...
  Initialization: Random Cartesian coordinates...
  Stage 3: Main optimization loop...
Iteration: 50/1000 - Best fitness: 1929.5836
Iteration: 100/1000 - Best fitness: 1818.8193
Iteration: 150/1000 - Best fitness: 1777.3389
Iteration: 200/1000 - Best fitness: 1758.0756
Iteration: 250/1000 - Best fitness: 1685.9528
Iteration: 300/1000 - Best fitness: 1666.7547
Iteration: 350/1000 - Best fitness: 1639.3
Iteration: 400/1000 - Best fitness: 1608.9573
Iteration: 450/1000 - Best fitness: 1592.3384
Iteration: 500/1000 - Best fitness: 1583.5737
Iteration: 550/1000 - Best fitness: 1577.9447
Iteration: 600/1000 - Best fitness: 1575.0469
Iteration: 650/1000 - Best fitness: 1573.0461
Iteration: 700/1000 - Best fitness: 1572.6978
Iteration: 750/1000 - Best fitness: 1572.4095
Iteration: 800/1000 - Best fitness: 1572.2873
Iteration: 850/1000 - Best fitness: 1572.2602
Iteration: 900/1000 - Best fitness: 1572.2474
Iteration: 950/1000 - Best fitness: 1572.2421
Iteration: 1000/1000 - Best fitness: 1572.2406
SAEPSO-ParamsOnly completed with final fitness: 1572.2406

========== Planning Complete ==========
Algorithm: SAEPSO
Execution time: 21.0285 seconds
Path length: 158.3671 units
Waypoints: 7
Best fitness: 1572.2406
========================================


========== Direct Global Planning ==========
Algorithm: UAPSO
Start: [10.0, 95.0, 10.0]
Goal:  [97.0, 2.0, 10.0]
============================================

Starting UAPSO global path planning...
Initial feasible particles: 10/100
UAPSO iteration 50/1000 - Best fitness: 2596.0301
UAPSO iteration 100/1000 - Best fitness: 2596.0301
UAPSO iteration 150/1000 - Best fitness: 2596.0301
UAPSO iteration 200/1000 - Best fitness: 2592.3475
UAPSO iteration 250/1000 - Best fitness: 2558.2998
UAPSO iteration 300/1000 - Best fitness: 2558.2998
UAPSO iteration 350/1000 - Best fitness: 2558.2998
UAPSO iteration 400/1000 - Best fitness: 2558.2998
UAPSO iteration 450/1000 - Best fitness: 2558.2998
UAPSO iteration 500/1000 - Best fitness: 2448.6474
UAPSO iteration 550/1000 - Best fitness: 2363.6096
UAPSO iteration 600/1000 - Best fitness: 2170.7372
UAPSO iteration 650/1000 - Best fitness: 2164.6058
UAPSO iteration 700/1000 - Best fitness: 1985.0304
UAPSO iteration 750/1000 - Best fitness: 1820.8253
UAPSO iteration 800/1000 - Best fitness: 1743.0627
UAPSO iteration 850/1000 - Best fitness: 1694.2765
UAPSO iteration 900/1000 - Best fitness: 1623.4017
UAPSO iteration 950/1000 - Best fitness: 1580.8255
UAPSO iteration 1000/1000 - Best fitness: 1570.2071
UAPSO completed with final fitness: 1570.2071

========== Planning Complete ==========
Algorithm: UAPSO
Execution time: 178.6257 seconds
Path length: 156.9896 units
Waypoints: 7
Best fitness: 1570.2071
========================================

All runs completed. Performing statistical analysis...

=== STATISTICAL ANALYSIS FOR SCENARIO 1 ===
Metric tested: global_fitness_total
Runs available: 1

=== DESCRIPTIVE STATISTICS (global_fitness_total) ===
Algorithm                 | N       | Mean       | Std        | Median    
------------------------------------------------------------------------
RRSACPSO                  |       1 |  1576.6302 |        NaN |  1576.6302
PSO-Standard              |       1 |  1629.9083 |        NaN |  1629.9083
PSO-LDIW                  |       1 |  1617.7533 |        NaN |  1617.7533
FIPS                      |       1 |  1729.0775 |        NaN |  1729.0775
CLPSO                     |       1 |  1877.9767 |        NaN |  1877.9767
SAEPSO [11]               |       1 |  1500.3794 |        NaN |  1500.3794
SAEPSO* [11]              |       1 |  1572.2406 |        NaN |  1572.2406
UAPSO [25]                |       1 |  1570.2071 |        NaN |  1570.2071

=== PAIRWISE INFERENCE (PAIRED T + WILCOXON) ===
Algorithm 1               vs Algorithm 2               | N | meanDiff | p_t(raw) | p_w(raw)
-------------------------------------------------------------------------------------------
RRSACPSO                  vs PSO-Standard              |  1 | -53.2781 | 1.000000 | 1.000000
RRSACPSO                  vs PSO-LDIW                  |  1 | -41.1232 | 1.000000 | 1.000000
RRSACPSO                  vs FIPS                      |  1 | -152.4474 | 1.000000 | 1.000000
RRSACPSO                  vs CLPSO                     |  1 | -301.3466 | 1.000000 | 1.000000
RRSACPSO                  vs SAEPSO [11]               |  1 |  76.2508 | 1.000000 | 1.000000
RRSACPSO                  vs SAEPSO* [11]              |  1 |   4.3896 | 1.000000 | 1.000000
RRSACPSO                  vs UAPSO [25]                |  1 |   6.4230 | 1.000000 | 1.000000
PSO-Standard              vs PSO-LDIW                  |  1 |  12.1550 | 1.000000 | 1.000000
PSO-Standard              vs FIPS                      |  1 | -99.1692 | 1.000000 | 1.000000
PSO-Standard              vs CLPSO                     |  1 | -248.0684 | 1.000000 | 1.000000
PSO-Standard              vs SAEPSO [11]               |  1 | 129.5289 | 1.000000 | 1.000000
PSO-Standard              vs SAEPSO* [11]              |  1 |  57.6677 | 1.000000 | 1.000000
PSO-Standard              vs UAPSO [25]                |  1 |  59.7012 | 1.000000 | 1.000000
PSO-LDIW                  vs FIPS                      |  1 | -111.3242 | 1.000000 | 1.000000
PSO-LDIW                  vs CLPSO                     |  1 | -260.2234 | 1.000000 | 1.000000
PSO-LDIW                  vs SAEPSO [11]               |  1 | 117.3740 | 1.000000 | 1.000000
PSO-LDIW                  vs SAEPSO* [11]              |  1 |  45.5127 | 1.000000 | 1.000000
PSO-LDIW                  vs UAPSO [25]                |  1 |  47.5462 | 1.000000 | 1.000000
FIPS                      vs CLPSO                     |  1 | -148.8992 | 1.000000 | 1.000000
FIPS                      vs SAEPSO [11]               |  1 | 228.6982 | 1.000000 | 1.000000
FIPS                      vs SAEPSO* [11]              |  1 | 156.8369 | 1.000000 | 1.000000
FIPS                      vs UAPSO [25]                |  1 | 158.8704 | 1.000000 | 1.000000
CLPSO                     vs SAEPSO [11]               |  1 | 377.5974 | 1.000000 | 1.000000
CLPSO                     vs SAEPSO* [11]              |  1 | 305.7362 | 1.000000 | 1.000000
CLPSO                     vs UAPSO [25]                |  1 | 307.7696 | 1.000000 | 1.000000
SAEPSO [11]               vs SAEPSO* [11]              |  1 | -71.8612 | 1.000000 | 1.000000
SAEPSO [11]               vs UAPSO [25]                |  1 | -69.8278 | 1.000000 | 1.000000
SAEPSO* [11]              vs UAPSO [25]                |  1 |   2.0335 | 1.000000 | 1.000000

=== HOLM-CORRECTED SIGNIFICANCE SUMMARY ===
Significant pairs (Holm-corrected, paired t-test): 0/28
Significant pairs (Holm-corrected, Wilcoxon):      0/28

=== OVERALL RANKING (MEAN METRIC + HOLM T-TEST WINS) ===
Rank | Algorithm                 | Mean | Holm Wins
---------------------------------------------------------------
1    | SAEPSO [11]               |  1500.3794 |         0
2    | UAPSO [25]                |  1570.2071 |         0
3    | SAEPSO* [11]              |  1572.2406 |         0
4    | RRSACPSO                  |  1576.6302 |         0
5    | PSO-LDIW                  |  1617.7533 |         0
6    | PSO-Standard              |  1629.9083 |         0
7    | FIPS                      |  1729.0775 |         0
8    | CLPSO                     |  1877.9767 |         0

Friedman omnibus skipped: insufficient complete run blocks.

Statistical artifacts saved for Scenario 1:
  Pairwise CSV: /Users/hust-hwashin621m/Desktop/vietanhpaper-2/results/patchedfiguresonly/_tmp_others_s1/TTest_Pairwise_Scenario1.csv
  Summary CSV:  /Users/hust-hwashin621m/Desktop/vietanhpaper-2/results/patchedfiguresonly/_tmp_others_s1/TTest_Summary_Scenario1.csv
  MAT file:     /Users/hust-hwashin621m/Desktop/vietanhpaper-2/results/patchedfiguresonly/_tmp_others_s1/TTest_Results_Scenario1.mat
Generating diagnostic visualisations...
==== PSO Debug Information ====
Algorithm RRSACPSO is present
  globalPlanTimes: 1 data points
    Range: 0 to 0
  globalPlanDurations: 1 data points
    Range: 49.6419 to 49.6419
  pathLengths: 1 data points
    Range: 191.3081 to 191.3081
  pathWaypoints: 1 data points
    Range: 7 to 7
  ERROR: obstacleDistances is missing for RRSACPSO
-------------------
Algorithm PSO-Standard is present
  globalPlanTimes: 1 data points
    Range: 0 to 0
  globalPlanDurations: 1 data points
    Range: 20.1476 to 20.1476
  pathLengths: 1 data points
    Range: 166.9047 to 166.9047
  pathWaypoints: 1 data points
    Range: 7 to 7
  ERROR: obstacleDistances is missing for PSO-Standard
-------------------
Algorithm PSO-LDIW is present
  globalPlanTimes: 1 data points
    Range: 0 to 0
  globalPlanDurations: 1 data points
    Range: 20.5915 to 20.5915
  pathLengths: 1 data points
    Range: 149.6414 to 149.6414
  pathWaypoints: 1 data points
    Range: 7 to 7
  ERROR: obstacleDistances is missing for PSO-LDIW
-------------------
Algorithm FIPS is present
  globalPlanTimes: 1 data points
    Range: 0 to 0
  globalPlanDurations: 1 data points
    Range: 20.4204 to 20.4204
  pathLengths: 1 data points
    Range: 211.6704 to 211.6704
  pathWaypoints: 1 data points
    Range: 7 to 7
  ERROR: obstacleDistances is missing for FIPS
-------------------
Algorithm CLPSO is present
  globalPlanTimes: 1 data points
    Range: 0 to 0
  globalPlanDurations: 1 data points
    Range: 20.4403 to 20.4403
  pathLengths: 1 data points
    Range: 179.6719 to 179.6719
  pathWaypoints: 1 data points
    Range: 7 to 7
  ERROR: obstacleDistances is missing for CLPSO
-------------------
Algorithm SAEPSO [11] is present
  globalPlanTimes: 1 data points
    Range: 0 to 0
  globalPlanDurations: 1 data points
    Range: 55.3382 to 55.3382
  pathLengths: 1 data points
    Range: 190.2279 to 190.2279
  pathWaypoints: 1 data points
    Range: 7 to 7
  ERROR: obstacleDistances is missing for SAEPSO [11]
-------------------
Algorithm SAEPSO* [11] is present
  globalPlanTimes: 1 data points
    Range: 0 to 0
  globalPlanDurations: 1 data points
    Range: 21.0282 to 21.0282
  pathLengths: 1 data points
    Range: 158.3671 to 158.3671
  pathWaypoints: 1 data points
    Range: 7 to 7
  ERROR: obstacleDistances is missing for SAEPSO* [11]
-------------------
Algorithm UAPSO [25] is present
  globalPlanTimes: 1 data points
    Range: 0 to 0
  globalPlanDurations: 1 data points
    Range: 178.6255 to 178.6255
  pathLengths: 1 data points
    Range: 156.9896 to 156.9896
  pathWaypoints: 1 data points
    Range: 7 to 7
  ERROR: obstacleDistances is missing for UAPSO [25]
-------------------

=== ALGORITHM COMPARISON SUMMARY ===
RRSACPSO: Path=191.31, Time=49.6419s, Safety=N/A (direct planning)
PSO-Standard: Path=166.90, Time=20.1476s, Safety=N/A (direct planning)
PSO-LDIW: Path=149.64, Time=20.5915s, Safety=N/A (direct planning)
FIPS: Path=211.67, Time=20.4204s, Safety=N/A (direct planning)
CLPSO: Path=179.67, Time=20.4403s, Safety=N/A (direct planning)
SAEPSO [11]: Path=190.23, Time=55.3382s, Safety=N/A (direct planning)
SAEPSO* [11]: Path=158.37, Time=21.0282s, Safety=N/A (direct planning)
UAPSO [25]: Path=156.99, Time=178.6255s, Safety=N/A (direct planning)
PSO comparison figures saved successfully!
Generating trajectory and convergence figures...

=== Algorithm Comparison Complete for Scenario 1 ===
3D view saved as: /Users/hust-hwashin621m/Desktop/vietanhpaper-2/results/patchedfiguresonly/_tmp_others_s1/plot_Algorithm_Comparison_Scenario1_3D.pdf
Top view saved as: /Users/hust-hwashin621m/Desktop/vietanhpaper-2/results/patchedfiguresonly/_tmp_others_s1/plot_Algorithm_Comparison_Scenario1_TopView.pdf

=== Path Length Comparison ===
RRSACPSO: 191.31 units
PSO-Standard: 166.90 units
PSO-LDIW: 149.64 units
FIPS: 211.67 units
CLPSO: 179.67 units
SAEPSO [11]: 190.23 units
SAEPSO* [11]: 158.37 units
UAPSO [25]: 156.99 units
Convergence plot saved as: /Users/hust-hwashin621m/Desktop/vietanhpaper-2/results/patchedfiguresonly/_tmp_others_s1/Convergence_Comparison_Scenario1.pdf
Parameter tracking plot saved as: /Users/hust-hwashin621m/Desktop/vietanhpaper-2/results/patchedfiguresonly/_tmp_others_s1/Parameter_Tracking_Scenario1.pdf
No reward history found for plotting.
No critic loss history found for plotting.
All runs data written to: /Users/hust-hwashin621m/Desktop/vietanhpaper-2/results/patchedfiguresonly/_tmp_others_s1/TTest_AllRuns_Scenario1_2026-03-11_09-11-09.csv
Summary statistics written to: /Users/hust-hwashin621m/Desktop/vietanhpaper-2/results/patchedfiguresonly/_tmp_others_s1/TTest_AlgorithmSummary_Scenario1_2026-03-11_09-11-09.csv
Reports generated:
  All runs data: /Users/hust-hwashin621m/Desktop/vietanhpaper-2/results/patchedfiguresonly/_tmp_others_s1/TTest_AllRuns_Scenario1_2026-03-11_09-11-09.csv
  Algorithm summary: /Users/hust-hwashin621m/Desktop/vietanhpaper-2/results/patchedfiguresonly/_tmp_others_s1/TTest_AlgorithmSummary_Scenario1_2026-03-11_09-11-09.csv
Scenario 1 complete.
All scenarios completed successfully!

Comparison complete! Log file saved to: /Users/hust-hwashin621m/Desktop/vietanhpaper-2/outputs/logs/run_comparison_2026-03-11_09-04-22.log
